// Jest Snapshot v1, https://goo.gl/fbAQLP

exports[`avatar renders correctly 1`] = `
<View
  style={
    Array [
      Object {
        "backgroundColor": "#6200ee",
        "borderRadius": 32,
        "height": 64,
        "width": 64,
      },
      Object {
        "alignItems": "center",
        "justifyContent": "center",
      },
      Object {},
    ]
  }
>
  <Text
    numberOfLines={1}
    style={
      Array [
        Object {
          "color": "#000000",
          "fontFamily": "System",
          "fontWeight": "400",
          "textAlign": "left",
        },
        Array [
          Object {
            "textAlign": "center",
            "textAlignVertical": "center",
          },
          Object {
            "color": "#ffffff",
            "fontSize": 32,
            "lineHeight": 64,
          },
          undefined,
        ],
      ]
    }
  >
    JM
  </Text>
</View>
`;
